// Jest Snapshot v1, https://goo.gl/fbAQLP

exports[`BusinessPage should match snapshot 1`] = `
<div
  class="sc-cxabCf FKOKy"
>
  <header
    class="sc-efBctP eZxVPd"
  >
    <a
      href="/"
    >
      <img
        alt="home logo"
        class="sc-BeQoi"
        src="logo.png"
      />
    </a>
  </header>
  <div
    class="sc-cxabCf bsgFzP"
  >
    <img
      alt="Zazio cover photo"
      class="sc-BeQoi lpbvHV"
      src="https://images.unsplash.com/photo-1527015175922-36a306cf0e20?crop=entropy&cs=tinysrgb&fit=crop&fm=jpg&h=600&w=1000"
    />
    <div
      class="sc-cxabCf hinPhb"
    >
      <div
        class="sc-cxabCf fBBkYE"
      >
        <section
          class="sc-bWXABl kZOqy"
        >
          <div
            class="sc-cxabCf sc-afnQL  eEWMdl"
          >
            address
          </div>
          <div
            class="sc-cxabCf sc-kngDgl  jNZoFN"
          >
            84586 Straubel
          </div>
          <div
            class="sc-cxabCf sc-kngDgl  jNZoFN"
          >
            Manchester, United Kingdom SG4
          </div>
        </section>
        <section
          class="sc-bWXABl"
        >
          <div
            class="sc-cxabCf sc-afnQL  eEWMdl"
          >
            contact
          </div>
          <div
            class="sc-cxabCf sc-kngDgl  jNZoFN"
          >
            609-306-3610
          </div>
          <div
            class="sc-cxabCf sc-kngDgl  jNZoFN"
          >
            igowanlock0@networkadvertising.org
          </div>
        </section>
      </div>
      <div
        class="sc-cxabCf bNCOOk"
      >
        <section
          class="sc-bWXABl kgzIGE"
        >
          <div
            class="sc-cxabCf sc-afnQL  eEWMdl"
          >
            nearby places
          </div>
          <table
            class="sc-WCkqM sc-grVGCS GQgxF eKfFBe"
          >
            <tbody
              class="sc-ikjQzJ"
            >
              <tr
                class="sc-jGprRt bzOoij"
              >
                <td
                  class="sc-tsFYE sc-iJkHyd fMNVnW JjpSb"
                >
                  Caff√® Nero
                </td>
                <td
                  class="sc-tsFYE sc-iJkHyd fMNVnW JjpSb"
                >
                  1st Floor, c/o Morleys, 472-488 Brixton Rd, London SW9 8EH
                </td>
              </tr>
              <tr
                class="sc-jGprRt bzOoij"
              >
                <td
                  class="sc-tsFYE sc-iJkHyd fMNVnW JjpSb"
                >
                  EAT.
                </td>
                <td
                  class="sc-tsFYE sc-iJkHyd fMNVnW JjpSb"
                >
                  2nd Floor, c/o Morleys, 472-488 Brixton Rd, London SW9 8EH
                </td>
              </tr>
              <tr
                class="sc-jGprRt bzOoij"
              >
                <td
                  class="sc-tsFYE sc-iJkHyd fMNVnW JjpSb"
                >
                  Pret A Manager
                </td>
                <td
                  class="sc-tsFYE sc-iJkHyd fMNVnW JjpSb"
                >
                  3rd Floor, c/o Morleys, 472-488 Brixton Rd, London SW9 8EH
                </td>
              </tr>
              <tr
                class="sc-jGprRt bzOoij"
              >
                <td
                  class="sc-tsFYE sc-iJkHyd fMNVnW JjpSb"
                >
                  Coffee Republic
                </td>
                <td
                  class="sc-tsFYE sc-iJkHyd fMNVnW JjpSb"
                >
                  4th Floor, c/o Morleys, 472-488 Brixton Rd, London SW9 8EH
                </td>
              </tr>
            </tbody>
          </table>
        </section>
      </div>
    </div>
  </div>
</div>
`;
